# name: test_failing_test
  Mansion(
    rooms=list([
      Room(
        name='kitchen',
        windows=list([
          Window(
            views=set({
              View(
                direction='NE',
              ),
              View(
                direction='W',
              ),
            }),
          ),
        ]),
      ),
    ]),
  )
# ---
